+ analyze_power_grid -net VDD -voltage_file /foss/designs/TinyWhisper/ihp130/flow/librelane/runs/RUN_2026-08-26_14-42-56/55-openroad-irdropreport/net-VDD.csv
[INFO PSM-0040] All shapes on net VDD are connected.
########## IR report #################
Net              : VDD
Corner           : nom_typ_1p50V_25C
Total power      : 7.96e-03 W
Supply voltage   : 1.50e+00 V
Worstcase voltage: 1.50e+00 V
Average voltage  : 1.50e+00 V
Average IR drop  : 8.45e-05 V
Worstcase IR drop: 2.10e-04 V
Percentage drop  : 0.01 %
######################################
+ analyze_power_grid -net VSS -voltage_file /foss/designs/TinyWhisper/ihp130/flow/librelane/runs/RUN_2026-08-26_14-42-56/55-openroad-irdropreport/net-VSS.csv
[INFO PSM-0040] All shapes on net VSS are connected.
########## IR report #################
Net              : VSS
Corner           : nom_typ_1p50V_25C
Total power      : 7.96e-03 W
Supply voltage   : 0.00e+00 V
Worstcase voltage: 1.29e-04 V
Average voltage  : 4.07e-05 V
Average IR drop  : 4.07e-05 V
Worstcase IR drop: 1.29e-04 V
Percentage drop  : 0.01 %
######################################
