
===========================================================================
 report_power
============================================================================
======================= nom_fast_1p65V_m40C Corner ===================================

Group                    Internal    Switching      Leakage        Total
                            Power        Power        Power        Power (Watts)
------------------------------------------------------------------------
Sequential           7.294526e-04 9.019152e-06 9.746504e-06 7.482183e-04   6.4%
Combinational        7.348161e-05 1.690316e-04 4.566870e-05 2.881819e-04   2.5%
Clock                1.458764e-04 1.733294e-04 9.332384e-04 1.252444e-03  10.8%
Macro                0.000000e+00 0.000000e+00 0.000000e+00 0.000000e+00   0.0%
Pad                  1.269670e-04 9.230196e-03 2.324299e-07 9.357396e-03  80.3%
------------------------------------------------------------------------
Total                1.075774e-03 9.581571e-03 9.889144e-04 1.164626e-02 100.0%
                             9.2%        82.3%         8.5%

