
===========================================================================
 report_power
============================================================================
======================= nom_slow_1p35V_125C Corner ===================================

Group                    Internal    Switching      Leakage        Total
                            Power        Power        Power        Power (Watts)
------------------------------------------------------------------------
Sequential           5.093678e-04 1.075883e-05 8.513564e-06 5.286402e-04   6.9%
Combinational        1.490425e-04 2.218751e-04 3.133690e-05 4.022546e-04   5.2%
Clock                8.803396e-05 1.067906e-04 6.733956e-05 2.621641e-04   3.4%
Macro                0.000000e+00 0.000000e+00 0.000000e+00 0.000000e+00   0.0%
Pad                  9.737530e-05 6.408206e-03 3.697969e-07 6.505951e-03  84.5%
------------------------------------------------------------------------
Total                8.438165e-04 6.747651e-03 1.075758e-04 7.699043e-03 100.0%
                            11.0%        87.6%         1.4%

