
===========================================================================
 report_power
============================================================================
======================= nom_typ_1p20V_25C Corner ===================================

Group                    Internal    Switching      Leakage        Total
                            Power        Power        Power        Power (Watts)
------------------------------------------------------------------------
Sequential           3.960008e-04 4.591420e-06 1.117474e-06 4.017097e-04   4.7%
Combinational        3.292260e-05 8.247402e-05 4.626791e-06 1.200234e-04   1.4%
Clock                6.790646e-05 8.295787e-05 6.171052e-05 2.125748e-04   2.5%
Macro                0.000000e+00 0.000000e+00 0.000000e+00 0.000000e+00   0.0%
Pad                  9.497748e-05 7.735381e-03 4.841494e-08 7.830407e-03  91.4%
------------------------------------------------------------------------
Total                5.918073e-04 7.905278e-03 6.750564e-05 8.564591e-03 100.0%
                             6.9%        92.3%         0.8%

