┏━━━━━━━━━━━━━━━━━━━━━━┳━━━━━━━━━━┳━━━━━━━━━━┳━━━━━━━━━━┳━━━━━━━━━━┳━━━━━━━━━━━┳━━━━━━━━━━┳━━━━━━━━━━━┳━━━━━━━━━━┳━━━━━━━━━━━┳━━━━━━━━━━┳━━━━━━━━━━━┳━━━━━━━━━━┓
┃                      ┃ Hold     ┃ Reg to   ┃          ┃          ┃ of which  ┃ Setup    ┃           ┃          ┃           ┃ of which ┃           ┃          ┃
┃                      ┃ Worst    ┃ Reg      ┃          ┃ Hold Vio ┃ reg to    ┃ Worst    ┃ Reg to    ┃ Setup    ┃ Setup Vio ┃ reg to   ┃ Max Cap   ┃ Max Slew ┃
┃ Corner/Group         ┃ Slack    ┃ Paths    ┃ Hold TNS ┃ Count    ┃ reg       ┃ Slack    ┃ Reg Paths ┃ TNS      ┃ Count     ┃ reg      ┃ Violatio… ┃ Violati… ┃
┡━━━━━━━━━━━━━━━━━━━━━━╇━━━━━━━━━━╇━━━━━━━━━━╇━━━━━━━━━━╇━━━━━━━━━━╇━━━━━━━━━━━╇━━━━━━━━━━╇━━━━━━━━━━━╇━━━━━━━━━━╇━━━━━━━━━━━╇━━━━━━━━━━╇━━━━━━━━━━━╇━━━━━━━━━━┩
│ Overall              │ 0.0683   │ 0.0683   │ 0.0000   │ 0        │ 0         │ 0.1416   │ 3.7926    │ 0.0000   │ 0         │ 0        │ 0         │ 18       │
│ nom_fast_1p32V_m40C  │ 0.1737   │ 0.1822   │ 0.0000   │ 0        │ 0         │ 2.1235   │ 5.4445    │ 0.0000   │ 0         │ 0        │ 0         │ 9        │
│ nom_fast_1p65V_m40C  │ 0.0683   │ 0.0683   │ 0.0000   │ 0        │ 0         │ 2.5584   │ 6.2453    │ 0.0000   │ 0         │ 0        │ 0         │ 0        │
│ nom_slow_1p35V_125C  │ 0.4531   │ 0.4531   │ 0.0000   │ 0        │ 0         │ 0.1416   │ 3.7926    │ 0.0000   │ 0         │ 0        │ 0         │ 18       │
│ nom_typ_1p20V_25C    │ 0.4059   │ 0.4059   │ 0.0000   │ 0        │ 0         │ 0.8792   │ 3.8983    │ 0.0000   │ 0         │ 0        │ 0         │ 9        │
│ nom_typ_1p50V_25C    │ 0.2053   │ 0.2053   │ 0.0000   │ 0        │ 0         │ 1.7279   │ 5.3335    │ 0.0000   │ 0         │ 0        │ 0         │ 9        │
└──────────────────────┴──────────┴──────────┴──────────┴──────────┴───────────┴──────────┴───────────┴──────────┴───────────┴──────────┴───────────┴──────────┘
