┏━━━━━━━━━━━━━━━━━━━━━━┳━━━━━━━━━━┳━━━━━━━━━━┳━━━━━━━━━━┳━━━━━━━━━━┳━━━━━━━━━━━┳━━━━━━━━━━┳━━━━━━━━━━━┳━━━━━━━━━━┳━━━━━━━━━━━┳━━━━━━━━━━┳━━━━━━━━━━━┳━━━━━━━━━━┓
┃                      ┃ Hold     ┃ Reg to   ┃          ┃          ┃ of which  ┃ Setup    ┃           ┃          ┃           ┃ of which ┃           ┃          ┃
┃                      ┃ Worst    ┃ Reg      ┃          ┃ Hold Vio ┃ reg to    ┃ Worst    ┃ Reg to    ┃ Setup    ┃ Setup Vio ┃ reg to   ┃ Max Cap   ┃ Max Slew ┃
┃ Corner/Group         ┃ Slack    ┃ Paths    ┃ Hold TNS ┃ Count    ┃ reg       ┃ Slack    ┃ Reg Paths ┃ TNS      ┃ Count     ┃ reg      ┃ Violatio… ┃ Violati… ┃
┡━━━━━━━━━━━━━━━━━━━━━━╇━━━━━━━━━━╇━━━━━━━━━━╇━━━━━━━━━━╇━━━━━━━━━━╇━━━━━━━━━━━╇━━━━━━━━━━╇━━━━━━━━━━━╇━━━━━━━━━━╇━━━━━━━━━━━╇━━━━━━━━━━╇━━━━━━━━━━━╇━━━━━━━━━━┩
│ Overall              │ 0.0803   │ 0.1041   │ 0.0000   │ 0        │ 0         │ 1.8408   │ 4.2926    │ 0.0000   │ 0         │ 0        │ 0         │ 21       │
│ nom_fast_1p32V_m40C  │ 0.1950   │ 0.2231   │ 0.0000   │ 0        │ 0         │ 3.0561   │ 5.7605    │ 0.0000   │ 0         │ 0        │ 0         │ 9        │
│ nom_fast_1p65V_m40C  │ 0.0803   │ 0.1041   │ 0.0000   │ 0        │ 0         │ 3.5862   │ 6.4657    │ 0.0000   │ 0         │ 0        │ 0         │ 0        │
│ nom_slow_1p35V_125C  │ 0.5041   │ 0.5041   │ 0.0000   │ 0        │ 0         │ 1.8408   │ 4.2926    │ 0.0000   │ 0         │ 0        │ 0         │ 21       │
│ nom_typ_1p20V_25C    │ 0.4551   │ 0.4551   │ 0.0000   │ 0        │ 0         │ 2.0351   │ 4.4405    │ 0.0000   │ 0         │ 0        │ 0         │ 12       │
│ nom_typ_1p50V_25C    │ 0.2471   │ 0.2471   │ 0.0000   │ 0        │ 0         │ 2.9746   │ 5.6741    │ 0.0000   │ 0         │ 0        │ 0         │ 9        │
└──────────────────────┴──────────┴──────────┴──────────┴──────────┴───────────┴──────────┴───────────┴──────────┴───────────┴──────────┴───────────┴──────────┘
