
===========================================================================
 report_power
============================================================================
======================= nom_typ_1p50V_25C Corner ===================================

Group                    Internal    Switching      Leakage        Total
                            Power        Power        Power        Power (Watts)
------------------------------------------------------------------------
Sequential           6.328635e-04 1.359550e-05 3.249050e-06 6.497080e-04   6.8%
Combinational        1.915580e-04 2.850998e-04 1.507715e-05 4.917351e-04   5.2%
Clock                1.140792e-04 1.376773e-04 2.582310e-04 5.099875e-04   5.3%
Macro                0.000000e+00 0.000000e+00 0.000000e+00 0.000000e+00   0.0%
Pad                  1.285042e-04 7.755027e-03 8.615221e-08 7.883618e-03  82.7%
------------------------------------------------------------------------
Total                1.067001e-03 8.191233e-03 2.765999e-04 9.534833e-03 100.0%
                            11.2%        85.9%         2.9%

