
===========================================================================
 report_power
============================================================================
======================= nom_typ_1p50V_25C Corner ===================================

Group                    Internal    Switching      Leakage        Total
                            Power        Power        Power        Power (Watts)
------------------------------------------------------------------------
Sequential           6.174309e-04 7.302438e-06 3.207684e-06 6.279410e-04   6.8%
Combinational        5.575686e-05 1.337661e-04 1.428370e-05 2.038067e-04   2.2%
Clock                1.117373e-04 1.362971e-04 2.606626e-04 5.086970e-04   5.5%
Macro                0.000000e+00 0.000000e+00 0.000000e+00 0.000000e+00   0.0%
Pad                  9.688064e-05 7.754997e-03 8.621301e-08 7.851964e-03  85.4%
------------------------------------------------------------------------
Total                8.818019e-04 8.032446e-03 2.782108e-04 9.192459e-03 100.0%
                             9.6%        87.4%         3.0%

