
===========================================================================
 report_power
============================================================================
======================= nom_fast_1p65V_m40C Corner ===================================

Group                    Internal    Switching      Leakage        Total
                            Power        Power        Power        Power (Watts)
------------------------------------------------------------------------
Sequential           1.468092e-02 2.536136e-04 9.870437e-06 1.494441e-02  56.8%
Combinational        2.145035e-03 2.450146e-03 4.805894e-05 4.643240e-03  17.6%
Clock                2.981805e-03 3.503900e-03 2.484589e-04 6.734163e-03  25.6%
Macro                0.000000e+00 0.000000e+00 0.000000e+00 0.000000e+00   0.0%
Pad                  0.000000e+00 0.000000e+00 0.000000e+00 0.000000e+00   0.0%
------------------------------------------------------------------------
Total                1.980776e-02 6.207667e-03 3.064230e-04 2.632185e-02 100.0%
                            75.3%        23.6%         1.2%

