┏━━━━━━━━━━━━━━━━━━━━━━┳━━━━━━━━━━┳━━━━━━━━━━┳━━━━━━━━━━┳━━━━━━━━━━┳━━━━━━━━━━━┳━━━━━━━━━━┳━━━━━━━━━━━┳━━━━━━━━━━┳━━━━━━━━━━━┳━━━━━━━━━━┳━━━━━━━━━━━┳━━━━━━━━━━┓
┃                      ┃ Hold     ┃ Reg to   ┃          ┃          ┃ of which  ┃ Setup    ┃           ┃          ┃           ┃ of which ┃           ┃          ┃
┃                      ┃ Worst    ┃ Reg      ┃          ┃ Hold Vio ┃ reg to    ┃ Worst    ┃ Reg to    ┃ Setup    ┃ Setup Vio ┃ reg to   ┃ Max Cap   ┃ Max Slew ┃
┃ Corner/Group         ┃ Slack    ┃ Paths    ┃ Hold TNS ┃ Count    ┃ reg       ┃ Slack    ┃ Reg Paths ┃ TNS      ┃ Count     ┃ reg      ┃ Violatio… ┃ Violati… ┃
┡━━━━━━━━━━━━━━━━━━━━━━╇━━━━━━━━━━╇━━━━━━━━━━╇━━━━━━━━━━╇━━━━━━━━━━╇━━━━━━━━━━━╇━━━━━━━━━━╇━━━━━━━━━━━╇━━━━━━━━━━╇━━━━━━━━━━━╇━━━━━━━━━━╇━━━━━━━━━━━╇━━━━━━━━━━┩
│ Overall              │ 0.2541   │ 0.2541   │ 0.0000   │ 0        │ 0         │ 2.6669   │ 4.4158    │ 0.0000   │ 0         │ 0        │ 0         │ 3        │
│ nom_fast_1p32V_m40C  │ 0.3731   │ 0.3731   │ 0.0000   │ 0        │ 0         │ 3.4505   │ 5.8945    │ 0.0000   │ 0         │ 0        │ 0         │ 0        │
│ nom_fast_1p65V_m40C  │ 0.2541   │ 0.2541   │ 0.0000   │ 0        │ 0         │ 3.8763   │ 6.6073    │ 0.0000   │ 0         │ 0        │ 0         │ 0        │
│ nom_slow_1p35V_125C  │ 0.6541   │ 0.6541   │ 0.0000   │ 0        │ 0         │ 2.6669   │ 4.4158    │ 0.0000   │ 0         │ 0        │ 0         │ 3        │
│ nom_typ_1p20V_25C    │ 0.6051   │ 0.6051   │ 0.0000   │ 0        │ 0         │ 2.6756   │ 4.5589    │ 0.0000   │ 0         │ 0        │ 0         │ 3        │
│ nom_typ_1p50V_25C    │ 0.3971   │ 0.3971   │ 0.0000   │ 0        │ 0         │ 3.4186   │ 5.8048    │ 0.0000   │ 0         │ 0        │ 0         │ 0        │
└──────────────────────┴──────────┴──────────┴──────────┴──────────┴───────────┴──────────┴───────────┴──────────┴───────────┴──────────┴───────────┴──────────┘
