
===========================================================================
 report_power
============================================================================
======================= nom_slow_1p35V_125C Corner ===================================

Group                    Internal    Switching      Leakage        Total
                            Power        Power        Power        Power (Watts)
------------------------------------------------------------------------
Sequential           9.997997e-03 1.630385e-04 8.514238e-06 1.016955e-02  60.2%
Combinational        1.295908e-03 1.484571e-03 3.127152e-05 2.811751e-03  16.6%
Clock                1.760239e-03 2.135811e-03 1.930797e-05 3.915358e-03  23.2%
Macro                0.000000e+00 0.000000e+00 0.000000e+00 0.000000e+00   0.0%
Pad                  0.000000e+00 0.000000e+00 0.000000e+00 0.000000e+00   0.0%
------------------------------------------------------------------------
Total                1.305418e-02 3.783412e-03 5.909287e-05 1.689669e-02 100.0%
                            77.3%        22.4%         0.3%

