
===========================================================================
 report_power
============================================================================
======================= nom_typ_1p50V_25C Corner ===================================

Group                    Internal    Switching      Leakage        Total
                            Power        Power        Power        Power (Watts)
------------------------------------------------------------------------
Sequential           1.242409e-02 2.051447e-04 3.249299e-06 1.263249e-02  59.2%
Combinational        1.661228e-03 1.915964e-03 1.504690e-05 3.592240e-03  16.8%
Clock                2.280568e-03 2.753546e-03 6.950285e-05 5.103617e-03  23.9%
Macro                0.000000e+00 0.000000e+00 0.000000e+00 0.000000e+00   0.0%
Pad                  0.000000e+00 0.000000e+00 0.000000e+00 0.000000e+00   0.0%
------------------------------------------------------------------------
Total                1.636598e-02 4.874622e-03 8.779155e-05 2.132840e-02 100.0%
                            76.7%        22.9%         0.4%

