197. Printing statistics.

=== riscv_top ===

        +----------Local Count, excluding submodules.
        |        +-Local Area, excluding submodules.
        |        | 
    24275        - wires
    24281        - wire bits
     2552        - public wires
     2558        - public wire bits
       37        - ports
       43        - port bits
    24264 3.33E+05 cells
      350  4445.28   sg13g2_a21o_1
        1   14.515   sg13g2_a21o_2
     2061 1.87E+04   sg13g2_a21oi_1
       10  145.152   sg13g2_a21oi_2
      365  5.3E+03   sg13g2_a221oi_1
      504 5.47E+03   sg13g2_a22oi_1
      570  5171.04   sg13g2_and2_1
        1   10.886   sg13g2_and2_2
      105 1.33E+03   sg13g2_and3_1
       42  609.638   sg13g2_and4_1
     1639 1.19E+04   sg13g2_buf_1
        3   136.08   sg13g2_buf_16
      159 1.44E+03   sg13g2_buf_2
       67  972.518   sg13g2_buf_4
       11  259.459   sg13g2_buf_8
     2528 1.24E+05   sg13g2_dfrbpq_1
      612 3.33E+03   sg13g2_inv_1
        4    29.03   sg13g2_inv_2
      483 8.76E+03   sg13g2_mux2_1
      425 1.62E+04   sg13g2_mux4_1
     3139 2.28E+04   sg13g2_nand2_1
        3   32.659   sg13g2_nand2_2
      683  6.2E+03   sg13g2_nand2b_1
        1   14.515   sg13g2_nand2b_2
      641 5.82E+03   sg13g2_nand3_1
       92 1.17E+03   sg13g2_nand3b_1
      260 2.83E+03   sg13g2_nand4_1
     2041 1.48E+04   sg13g2_nor2_1
        5   54.432   sg13g2_nor2_2
      293 2.66E+03   sg13g2_nor2b_1
        1   12.701   sg13g2_nor2b_2
      519 4.71E+03   sg13g2_nor3_1
        5   81.648   sg13g2_nor3_2
      237 2.58E+03   sg13g2_nor4_1
       13  283.046   sg13g2_nor4_2
     2128 1.93E+04   sg13g2_o21ai_1
      239 2.17E+03   sg13g2_or2_1
      103 1.31E+03   sg13g2_or3_1
       50   725.76   sg13g2_or4_1
     2528 1.83E+04   sg13g2_tiehi
      921 1.34E+04   sg13g2_xnor2_1
      422 6.13E+03   sg13g2_xor2_1

   Chip area for module '\riscv_top': 333438.638400
     of which used for sequential elements: 123843.686400 (37.14%)

