189. Printing statistics.

=== riscv_top ===

        +----------Local Count, excluding submodules.
        |        +-Local Area, excluding submodules.
        |        | 
    16749        - wires
    19886        - wire bits
      235        - public wires
     3164        - public wire bits
       37        - ports
       43        - port bits
    19668 1.24E+05 cells
      505        -   $_ANDNOT_
     3190        -   $_AND_
     5695        -   $_MUX_
     4259        -   $_NAND_
      355        -   $_NOR_
      104        -   $_NOT_
      635        -   $_ORNOT_
      985        -   $_OR_
      616        -   $_XNOR_
      796        -   $_XOR_
     2528 1.24E+05   sg13g2_dfrbpq_1

   Area for cell type $_ANDNOT_ is unknown!
   Area for cell type $_AND_ is unknown!
   Area for cell type $_MUX_ is unknown!
   Area for cell type $_NAND_ is unknown!
   Area for cell type $_NOR_ is unknown!
   Area for cell type $_NOT_ is unknown!
   Area for cell type $_ORNOT_ is unknown!
   Area for cell type $_OR_ is unknown!
   Area for cell type $_XNOR_ is unknown!
   Area for cell type $_XOR_ is unknown!

   Chip area for module '\riscv_top': 123843.686400
     of which used for sequential elements: 123843.686400 (100.00%)

