183. Printing statistics.

=== riscv_top ===

        +----------Local Count, excluding submodules.
        | 
    12820 wires
    15957 wire bits
      235 public wires
     3164 public wire bits
       37 ports
       43 port bits
    15739 cells
      505   $_ANDNOT_
     3190   $_AND_
      582   $_DFFE_PP_
       74   $_DFF_P_
     1772   $_MUX_
     4259   $_NAND_
      355   $_NOR_
       98   $_NOT_
      635   $_ORNOT_
      985   $_OR_
       28   $_SDFFCE_PN0P_
        1   $_SDFFE_NN0P_
       16   $_SDFFE_PN0N_
     1253   $_SDFFE_PN0P_
       80   $_SDFFE_PN1P_
       86   $_SDFFE_PP0P_
        5   $_SDFFE_PP1P_
        5   $_SDFF_NN0_
      366   $_SDFF_PN0_
       32   $_SDFF_PP0_
      616   $_XNOR_
      796   $_XOR_

   Area for cell type $_ANDNOT_ is unknown!
   Area for cell type $_AND_ is unknown!
   Area for cell type $_DFFE_PP_ is unknown!
   Area for cell type $_DFF_P_ is unknown!
   Area for cell type $_MUX_ is unknown!
   Area for cell type $_NAND_ is unknown!
   Area for cell type $_NOR_ is unknown!
   Area for cell type $_NOT_ is unknown!
   Area for cell type $_ORNOT_ is unknown!
   Area for cell type $_OR_ is unknown!
   Area for cell type $_SDFFCE_PN0P_ is unknown!
   Area for cell type $_SDFFE_NN0P_ is unknown!
   Area for cell type $_SDFFE_PN0N_ is unknown!
   Area for cell type $_SDFFE_PN0P_ is unknown!
   Area for cell type $_SDFFE_PN1P_ is unknown!
   Area for cell type $_SDFFE_PP0P_ is unknown!
   Area for cell type $_SDFFE_PP1P_ is unknown!
   Area for cell type $_SDFF_NN0_ is unknown!
   Area for cell type $_SDFF_PN0_ is unknown!
   Area for cell type $_SDFF_PP0_ is unknown!
   Area for cell type $_XNOR_ is unknown!
   Area for cell type $_XOR_ is unknown!

